e1p1 0x7d67: 39 Kernel geprueft
e1p0 0x7d67: 39 Kernel geprueft
e0p1 0x7d67: 39 Kernel geprueft
e0p0 0x7d67: 39 Kernel geprueft
e1p1r 0x7d67: 39 Kernel geprueft
e1p0r 0x7d67: 39 Kernel geprueft
e0p1r 0x7d67: 39 Kernel geprueft
e0p0r 0x7d67: 39 Kernel geprueft
e1p1s 0x7d67: 39 Kernel geprueft
e1p1rs 0x7d67: 39 Kernel geprueft
e1p1su 0x7d67: 39 Kernel geprueft
e1p1rsu 0x7d67: 39 Kernel geprueft
e1p1ruR 0x7d67: 39 Kernel geprueft
e1p1uR 0x7d67: 39 Kernel geprueft
prod8nah 0x7d67: 39 Kernel geprueft
prod8fern 0x7d67: 39 Kernel geprueft
prod8nahh3 0x7d67: 39 Kernel geprueft
prod8nahp1 0x7d67: 39 Kernel geprueft
prod8nahp2 0x7d67: 39 Kernel geprueft
prod8fernp2 0x7d67: 39 Kernel geprueft
prod8fernp1 0x7d67: 39 Kernel geprueft
prod8nahp2fh1 0x7d67: 39 Kernel geprueft
prod8nahp1h3 0x7d67: 39 Kernel geprueft
prod8nahub 0x7d67: 39 Kernel geprueft
prod8fernub 0x7d67: 39 Kernel geprueft
prod8nahp2ub 0x7d67: 39 Kernel geprueft
prod8naht 0x7d67: 39 Kernel geprueft
prod8nahp2ubr 0x7d67: 39 Kernel geprueft
prod8fernp2ubr 0x7d67: 39 Kernel geprueft
prod8naha 0x7d67: 40 Kernel geprueft
prod8nahA 0x7d67: 40 Kernel geprueft
e1p1 0xe223: 39 Kernel geprueft
e1p0 0xe223: 39 Kernel geprueft
e0p1 0xe223: 39 Kernel geprueft
e0p0 0xe223: 39 Kernel geprueft
e1p1r 0xe223: 39 Kernel geprueft
e1p0r 0xe223: 39 Kernel geprueft
e0p1r 0xe223: 39 Kernel geprueft
e0p0r 0xe223: 39 Kernel geprueft
e1p1s 0xe223: 39 Kernel geprueft
e1p1rs 0xe223: 39 Kernel geprueft
e1p1su 0xe223: 39 Kernel geprueft
e1p1rsu 0xe223: 39 Kernel geprueft
e1p1ruR 0xe223: 39 Kernel geprueft
e1p1uR 0xe223: 39 Kernel geprueft
prod8nah 0xe223: 39 Kernel geprueft
prod8fern 0xe223: 39 Kernel geprueft
prod8nahh3 0xe223: 39 Kernel geprueft
prod8nahp1 0xe223: 39 Kernel geprueft
prod8nahp2 0xe223: 39 Kernel geprueft
prod8fernp2 0xe223: 39 Kernel geprueft
prod8fernp1 0xe223: 39 Kernel geprueft
prod8nahp2fh1 0xe223: 39 Kernel geprueft
prod8nahp1h3 0xe223: 39 Kernel geprueft
prod8nahub 0xe223: 39 Kernel geprueft
prod8fernub 0xe223: 39 Kernel geprueft
prod8nahp2ub 0xe223: 39 Kernel geprueft
prod8naht 0xe223: 39 Kernel geprueft
prod8nahp2ubr 0xe223: 39 Kernel geprueft
prod8fernp2ubr 0xe223: 39 Kernel geprueft
prod8naha 0xe223: 40 Kernel geprueft
prod8nahA 0xe223: 40 Kernel geprueft
